perl: warning: Setting locale failed.
perl: warning: Please check that your locale settings:
	LANGUAGE = "",
	LC_ALL = (unset),
	LC_CTYPE = (unset),
	LC_NUMERIC = (unset),
	LC_COLLATE = (unset),
	LC_TIME = (unset),
	LC_MESSAGES = (unset),
	LC_MONETARY = (unset),
	LC_ADDRESS = (unset),
	LC_IDENTIFICATION = (unset),
	LC_MEASUREMENT = (unset),
	LC_PAPER = (unset),
	LC_TELEPHONE = (unset),
	LC_NAME = (unset),
	LANG = "en_US.UTF-8"
    are supported and installed on your system.
perl: warning: Falling back to the standard locale ("C").
INFO - This is Biber 2.22
INFO - Logfile is 'main.blg'
INFO - Reading 'main.bcf'
INFO - Found 16 citekeys in bib section 0
INFO - Processing section 0
INFO - Looking for bibtex file 'references.bib' for section 0
INFO - LaTeX decoding ...
INFO - Found BibTeX data source 'references.bib'
INFO - Overriding locale 'vi-VN' defaults 'variable = shifted' with 'variable = non-ignorable'
INFO - Overriding locale 'vi-VN' defaults 'normalization = NFD' with 'normalization = prenormalized'
INFO - Sorting list 'none/global//global/global/global' of type 'entry' with template 'none' and locale 'vi-VN'
INFO - Writing 'main.bbl' with encoding 'UTF-8'
INFO - Output to main.bbl
