This is XeTeX, Version 3.141592653-2.6-0.999998 (TeX Live 2026/Arch Linux) (preloaded format=xelatex)
 restricted \write18 enabled.
entering extended mode
(./main.tex
LaTeX2e <2025-11-01>
L3 programming layer <2026-01-19>
(/usr/share/texmf-dist/tex/latex/base/report.cls
Document Class: report 2025/01/22 v1.4n Standard LaTeX document class
(/usr/share/texmf-dist/tex/latex/base/size10.clo))
(/usr/share/texmf-dist/tex/latex/fontspec/fontspec.sty
(/usr/share/texmf-dist/tex/latex/l3packages/xparse/xparse.sty
(/usr/share/texmf-dist/tex/latex/l3kernel/expl3.sty
(/usr/share/texmf-dist/tex/latex/l3backend/l3backend-xetex.def)))
(/usr/share/texmf-dist/tex/latex/fontspec/fontspec-xetex.sty
(/usr/share/texmf-dist/tex/latex/base/fontenc.sty)
(/usr/share/texmf-dist/tex/latex/fontspec/fontspec.cfg)))
(/usr/share/texmf-dist/tex/latex/amsmath/amsmath.sty
For additional information on amsmath, use the `?' option.
(/usr/share/texmf-dist/tex/latex/amsmath/amstext.sty
(/usr/share/texmf-dist/tex/latex/amsmath/amsgen.sty))
(/usr/share/texmf-dist/tex/latex/amsmath/amsbsy.sty)
(/usr/share/texmf-dist/tex/latex/amsmath/amsopn.sty))
(/usr/share/texmf-dist/tex/latex/unicode-math/unicode-math.sty
(/usr/share/texmf-dist/tex/latex/unicode-math/unicode-math-xetex.sty
(/usr/share/texmf-dist/tex/latex/l3packages/l3keys2e/l3keys2e.sty)
(/usr/share/texmf-dist/tex/latex/base/fix-cm.sty
(/usr/share/texmf-dist/tex/latex/base/ts1enc.def))
(/usr/share/texmf-dist/tex/latex/unicode-math/unicode-math-table.tex)))
(/usr/share/texmf-dist/tex/latex/fancyhdr/fancyhdr.sty)
(/usr/share/texmf-dist/tex/latex/tikzlings/tikzlings.sty
(/usr/share/texmf-dist/tex/latex/tikzlings/tikzlings-list.sty)
(/usr/share/texmf-dist/tex/latex/pgf/frontendlayer/tikz.sty
(/usr/share/texmf-dist/tex/latex/pgf/basiclayer/pgf.sty
(/usr/share/texmf-dist/tex/latex/pgf/utilities/pgfrcs.sty
(/usr/share/texmf-dist/tex/generic/pgf/utilities/pgfutil-common.tex)
(/usr/share/texmf-dist/tex/generic/pgf/utilities/pgfutil-latex.def)
(/usr/share/texmf-dist/tex/generic/pgf/utilities/pgfrcs.code.tex
(/usr/share/texmf-dist/tex/generic/pgf/pgf.revision.tex)))
(/usr/share/texmf-dist/tex/latex/pgf/basiclayer/pgfcore.sty
(/usr/share/texmf-dist/tex/latex/graphics/graphicx.sty
(/usr/share/texmf-dist/tex/latex/graphics/keyval.sty)
(/usr/share/texmf-dist/tex/latex/graphics/graphics.sty
(/usr/share/texmf-dist/tex/latex/graphics/trig.sty)
(/usr/share/texmf-dist/tex/latex/graphics-cfg/graphics.cfg)
(/usr/share/texmf-dist/tex/latex/graphics-def/xetex.def)))
(/usr/share/texmf-dist/tex/latex/pgf/systemlayer/pgfsys.sty
(/usr/share/texmf-dist/tex/generic/pgf/systemlayer/pgfsys.code.tex
(/usr/share/texmf-dist/tex/generic/pgf/utilities/pgfkeys.code.tex
(/usr/share/texmf-dist/tex/generic/pgf/utilities/pgfkeyslibraryfiltered.code.te
x)) (/usr/share/texmf-dist/tex/generic/pgf/systemlayer/pgf.cfg)
(/usr/share/texmf-dist/tex/generic/pgf/systemlayer/pgfsys-xetex.def
(/usr/share/texmf-dist/tex/generic/pgf/systemlayer/pgfsys-dvipdfmx.def
(/usr/share/texmf-dist/tex/generic/pgf/systemlayer/pgfsys-common-pdf.def))))
(/usr/share/texmf-dist/tex/generic/pgf/systemlayer/pgfsyssoftpath.code.tex)
(/usr/share/texmf-dist/tex/generic/pgf/systemlayer/pgfsysprotocol.code.tex))
(/usr/share/texmf-dist/tex/latex/xcolor/xcolor.sty
(/usr/share/texmf-dist/tex/latex/graphics-cfg/color.cfg)
(/usr/share/texmf-dist/tex/latex/graphics/mathcolor.ltx))
(/usr/share/texmf-dist/tex/generic/pgf/basiclayer/pgfcore.code.tex
(/usr/share/texmf-dist/tex/generic/pgf/math/pgfmath.code.tex
(/usr/share/texmf-dist/tex/generic/pgf/math/pgfmathutil.code.tex)
(/usr/share/texmf-dist/tex/generic/pgf/math/pgfmathparser.code.tex)
(/usr/share/texmf-dist/tex/generic/pgf/math/pgfmathfunctions.code.tex)
(/usr/share/texmf-dist/tex/generic/pgf/math/pgfmathfunctions.basic.code.tex)
(/usr/share/texmf-dist/tex/generic/pgf/math/pgfmathfunctions.trigonometric.code
.tex)
(/usr/share/texmf-dist/tex/generic/pgf/math/pgfmathfunctions.random.code.tex)
(/usr/share/texmf-dist/tex/generic/pgf/math/pgfmathfunctions.comparison.code.te
x) (/usr/share/texmf-dist/tex/generic/pgf/math/pgfmathfunctions.base.code.tex)
(/usr/share/texmf-dist/tex/generic/pgf/math/pgfmathfunctions.round.code.tex)
(/usr/share/texmf-dist/tex/generic/pgf/math/pgfmathfunctions.misc.code.tex)
(/usr/share/texmf-dist/tex/generic/pgf/math/pgfmathfunctions.integerarithmetics
.code.tex) (/usr/share/texmf-dist/tex/generic/pgf/math/pgfmathcalc.code.tex)
(/usr/share/texmf-dist/tex/generic/pgf/math/pgfmathfloat.code.tex))
(/usr/share/texmf-dist/tex/generic/pgf/math/pgfint.code.tex)
(/usr/share/texmf-dist/tex/generic/pgf/basiclayer/pgfcorepoints.code.tex)
(/usr/share/texmf-dist/tex/generic/pgf/basiclayer/pgfcorepathconstruct.code.tex
) (/usr/share/texmf-dist/tex/generic/pgf/basiclayer/pgfcorepathusage.code.tex)
(/usr/share/texmf-dist/tex/generic/pgf/basiclayer/pgfcorescopes.code.tex)
(/usr/share/texmf-dist/tex/generic/pgf/basiclayer/pgfcoregraphicstate.code.tex)

(/usr/share/texmf-dist/tex/generic/pgf/basiclayer/pgfcoretransformations.code.t
ex) (/usr/share/texmf-dist/tex/generic/pgf/basiclayer/pgfcorequick.code.tex)
(/usr/share/texmf-dist/tex/generic/pgf/basiclayer/pgfcoreobjects.code.tex)
(/usr/share/texmf-dist/tex/generic/pgf/basiclayer/pgfcorepathprocessing.code.te
x) (/usr/share/texmf-dist/tex/generic/pgf/basiclayer/pgfcorearrows.code.tex)
(/usr/share/texmf-dist/tex/generic/pgf/basiclayer/pgfcoreshade.code.tex)
(/usr/share/texmf-dist/tex/generic/pgf/basiclayer/pgfcoreimage.code.tex)
(/usr/share/texmf-dist/tex/generic/pgf/basiclayer/pgfcoreexternal.code.tex)
(/usr/share/texmf-dist/tex/generic/pgf/basiclayer/pgfcorelayers.code.tex)
(/usr/share/texmf-dist/tex/generic/pgf/basiclayer/pgfcoretransparency.code.tex)
 (/usr/share/texmf-dist/tex/generic/pgf/basiclayer/pgfcorepatterns.code.tex)
(/usr/share/texmf-dist/tex/generic/pgf/basiclayer/pgfcorerdf.code.tex)))
(/usr/share/texmf-dist/tex/generic/pgf/modules/pgfmoduleshapes.code.tex)
(/usr/share/texmf-dist/tex/generic/pgf/modules/pgfmoduleplot.code.tex)
(/usr/share/texmf-dist/tex/latex/pgf/compatibility/pgfcomp-version-0-65.sty)
(/usr/share/texmf-dist/tex/latex/pgf/compatibility/pgfcomp-version-1-18.sty))
(/usr/share/texmf-dist/tex/latex/pgf/utilities/pgffor.sty
(/usr/share/texmf-dist/tex/latex/pgf/utilities/pgfkeys.sty
(/usr/share/texmf-dist/tex/generic/pgf/utilities/pgfkeys.code.tex))
(/usr/share/texmf-dist/tex/latex/pgf/math/pgfmath.sty
(/usr/share/texmf-dist/tex/generic/pgf/math/pgfmath.code.tex))
(/usr/share/texmf-dist/tex/generic/pgf/utilities/pgffor.code.tex))
(/usr/share/texmf-dist/tex/generic/pgf/frontendlayer/tikz/tikz.code.tex
(/usr/share/texmf-dist/tex/generic/pgf/libraries/pgflibraryplothandlers.code.te
x) (/usr/share/texmf-dist/tex/generic/pgf/modules/pgfmodulematrix.code.tex)
(/usr/share/texmf-dist/tex/generic/pgf/frontendlayer/tikz/libraries/tikzlibrary
topaths.code.tex)))
(/usr/share/texmf-dist/tex/latex/tikzlings/tikzlings-anteaters.sty
(/usr/share/texmf-dist/tex/latex/tikzlings/tikzlings-addons.sty
(/usr/share/texmf-dist/tex/generic/pgf/frontendlayer/tikz/libraries/tikzlibrary
patterns.code.tex
(/usr/share/texmf-dist/tex/generic/pgf/libraries/pgflibrarypatterns.code.tex))
(/usr/share/texmf-dist/tex/generic/pgf/frontendlayer/tikz/libraries/tikzlibrary
decorations.shapes.code.tex
(/usr/share/texmf-dist/tex/generic/pgf/frontendlayer/tikz/libraries/tikzlibrary
decorations.code.tex
(/usr/share/texmf-dist/tex/generic/pgf/modules/pgfmoduledecorations.code.tex))
(/usr/share/texmf-dist/tex/generic/pgf/libraries/decorations/pgflibrarydecorati
ons.shapes.code.tex))
(/usr/share/texmf-dist/tex/generic/pgf/frontendlayer/tikz/libraries/tikzlibrary
decorations.pathmorphing.code.tex
(/usr/share/texmf-dist/tex/generic/pgf/libraries/decorations/pgflibrarydecorati
ons.pathmorphing.code.tex))))
(/usr/share/texmf-dist/tex/latex/tikzlings/tikzlings-apes.sty)
(/usr/share/texmf-dist/tex/latex/tikzlings/tikzlings-bats.sty)
(/usr/share/texmf-dist/tex/latex/tikzlings/tikzlings-bears.sty)
(/usr/share/texmf-dist/tex/latex/tikzlings/tikzlings-bees.sty)
(/usr/share/texmf-dist/tex/latex/tikzlings/tikzlings-bugs.sty)
(/usr/share/texmf-dist/tex/latex/tikzlings/tikzlings-cats.sty)
(/usr/share/texmf-dist/tex/latex/tikzlings/tikzlings-chickens.sty
(/usr/share/texmf-dist/tex/generic/pgf/frontendlayer/tikz/libraries/tikzlibrary
fpu.code.tex
(/usr/share/texmf-dist/tex/generic/pgf/libraries/pgflibraryfpu.code.tex)))
(/usr/share/texmf-dist/tex/latex/tikzlings/tikzlings-coatis.sty)
(/usr/share/texmf-dist/tex/latex/tikzlings/tikzlings-dogs.sty)
(/usr/share/texmf-dist/tex/latex/tikzlings/tikzlings-elephants.sty)
(/usr/share/texmf-dist/tex/latex/tikzlings/tikzlings-hippos.sty)
(/usr/share/texmf-dist/tex/latex/tikzlings/tikzlings-koalas.sty
(/usr/share/texmf-dist/tex/latex/pgf-blur/tikzlibraryshadows.blur.code.tex
 v1.02, 2012/12/09
(/usr/share/texmf-dist/tex/generic/pgf/frontendlayer/tikz/libraries/tikzlibrary
shadows.code.tex
(/usr/share/texmf-dist/tex/generic/pgf/frontendlayer/tikz/libraries/tikzlibrary
fadings.code.tex
(/usr/share/texmf-dist/tex/generic/pgf/libraries/pgflibraryfadings.code.tex)))
(/usr/share/texmf-dist/tex/generic/pgf/frontendlayer/tikz/libraries/tikzlibrary
calc.code.tex)))
(/usr/share/texmf-dist/tex/latex/tikzlings/tikzlings-marmots.sty)
(/usr/share/texmf-dist/tex/latex/tikzlings/tikzlings-meerkats.sty)
(/usr/share/texmf-dist/tex/latex/tikzlings/tikzlings-mice.sty)
(/usr/share/texmf-dist/tex/latex/tikzlings/tikzlings-moles.sty)
(/usr/share/texmf-dist/tex/latex/tikzlings/tikzlings-owls.sty)
(/usr/share/texmf-dist/tex/latex/tikzlings/tikzlings-pandas.sty)
(/usr/share/texmf-dist/tex/latex/tikzlings/tikzlings-penguins.sty)
(/usr/share/texmf-dist/tex/latex/tikzlings/tikzlings-pigs.sty)
(/usr/share/texmf-dist/tex/latex/tikzlings/tikzlings-rhinos.sty)
(/usr/share/texmf-dist/tex/latex/tikzlings/tikzlings-sheep.sty)
(/usr/share/texmf-dist/tex/latex/tikzlings/tikzlings-sloths.sty)
(/usr/share/texmf-dist/tex/latex/tikzlings/tikzlings-snowmen.sty)
(/usr/share/texmf-dist/tex/latex/tikzlings/tikzlings-squirrels.sty)
(/usr/share/texmf-dist/tex/latex/tikzlings/tikzlings-turkeys.sty)
(/usr/share/texmf-dist/tex/latex/tikzlings/tikzlings-wolves.sty))
(/usr/share/texmf-dist/tex/latex/sectsty/sectsty.sty

LaTeX Warning: Command \underbar  has changed.
               Check if current package is valid.


LaTeX Warning: Command \underline  has changed.
               Check if current package is valid.

) (/usr/share/texmf-dist/tex/latex/pdfpages/pdfpages.sty
(/usr/share/texmf-dist/tex/latex/base/ifthen.sty)
(/usr/share/texmf-dist/tex/latex/tools/calc.sty)
(/usr/share/texmf-dist/tex/latex/eso-pic/eso-pic.sty)
(/usr/share/texmf-dist/tex/latex/etoolbox/etoolbox.sty)
(/usr/share/texmf-dist/tex/latex/pdfpages/ppxetex.def))
(/usr/share/texmf-dist/tex/latex/epstopdf-pkg/epstopdf.sty
(/usr/share/texmf-dist/tex/generic/infwarerr/infwarerr.sty)
(/usr/share/texmf-dist/tex/latex/grfext/grfext.sty
(/usr/share/texmf-dist/tex/generic/kvdefinekeys/kvdefinekeys.sty))
(/usr/share/texmf-dist/tex/latex/kvoptions/kvoptions.sty
(/usr/share/texmf-dist/tex/generic/ltxcmds/ltxcmds.sty)
(/usr/share/texmf-dist/tex/latex/kvsetkeys/kvsetkeys.sty))
(/usr/share/texmf-dist/tex/generic/pdftexcmds/pdftexcmds.sty
(/usr/share/texmf-dist/tex/generic/iftex/iftex.sty))
(/usr/share/texmf-dist/tex/latex/epstopdf-pkg/epstopdf-base.sty

Package epstopdf Warning: Drivers other than `pdftex' and `luatex' are not supp
orted.

)) (/usr/share/texmf-dist/tex/latex/psnfss/pifont.sty
(/usr/share/texmf-dist/tex/latex/psnfss/upzd.fd)
(/usr/share/texmf-dist/tex/latex/psnfss/upsy.fd))
(/usr/share/texmf-dist/tex/latex/booktabs/booktabs.sty)
(/usr/share/texmf-dist/tex/latex/biblatex/biblatex.sty
(/usr/share/texmf-dist/tex/latex/logreq/logreq.sty
(/usr/share/texmf-dist/tex/latex/logreq/logreq.def))
(/usr/share/texmf-dist/tex/latex/url/url.sty)
(/usr/share/texmf-dist/tex/latex/biblatex/blx-dm.def)
(/usr/share/texmf-dist/tex/latex/biblatex/blx-unicode.def)
(/usr/share/texmf-dist/tex/latex/biblatex/blx-compat.def)
(/usr/share/texmf-dist/tex/latex/biblatex/biblatex.def)
(/usr/share/texmf-dist/tex/latex/biblatex/bbx/numeric.bbx
(/usr/share/texmf-dist/tex/latex/biblatex/bbx/standard.bbx))
(/usr/share/texmf-dist/tex/latex/biblatex/cbx/numeric.cbx)
(/usr/share/texmf-dist/tex/latex/biblatex/biblatex.cfg)
(/usr/share/texmf-dist/tex/latex/biblatex/blx-case-expl3.sty))
(/usr/share/texmf-dist/tex/latex/placeins/placeins.sty)
(/usr/share/texmf-dist/tex/latex/float/float.sty)
(/usr/share/texmf-dist/tex/latex/multirow/multirow.sty)
(/usr/share/texmf-dist/tex/latex/tools/tabularx.sty
(/usr/share/texmf-dist/tex/latex/tools/array.sty))
(/usr/share/texmf-dist/tex/latex/adjustbox/adjustbox.sty
(/usr/share/texmf-dist/tex/latex/xkeyval/xkeyval.sty
(/usr/share/texmf-dist/tex/generic/xkeyval/xkeyval.tex
(/usr/share/texmf-dist/tex/generic/xkeyval/xkvutils.tex)))
(/usr/share/texmf-dist/tex/latex/adjustbox/adjcalc.sty)
(/usr/share/texmf-dist/tex/latex/adjustbox/trimclip.sty
(/usr/share/texmf-dist/tex/latex/collectbox/collectbox.sty)
(/usr/share/texmf-dist/tex/latex/adjustbox/tc-xetex.def))
(/usr/share/texmf-dist/tex/latex/ifoddpage/ifoddpage.sty)
(/usr/share/texmf-dist/tex/latex/varwidth/varwidth.sty)
==> First Aid for varwidth.sty applied!
) (/usr/share/texmf-dist/tex/latex/listings/listings.sty
(/usr/share/texmf-dist/tex/latex/listings/lstpatch.sty)
(/usr/share/texmf-dist/tex/latex/listings/lstmisc.sty)
(/usr/share/texmf-dist/tex/latex/listings/listings.cfg))
==> First Aid for listings.sty no longer applied!
    Expected:
        2024/09/23 1.10c (Carsten Heinz)
    but found:
        2025/11/14 1.11b (Carsten Heinz)
    so I'm assuming it got fixed.
(/usr/share/texmf-dist/tex/latex/algorithms/algorithm.sty)
(/usr/share/texmf-dist/tex/latex/algorithmicx/algpseudocode.sty
(/usr/share/texmf-dist/tex/latex/algorithmicx/algorithmicx.sty
Document Style algorithmicx 1.2 - a greatly improved `algorithmic' style
)
Document Style - pseudocode environments for use with the `algorithmicx' style
) (/usr/share/texmf-dist/tex/latex/siunitx/siunitx.sty
(/usr/share/texmf-dist/tex/latex/translations/translations.sty))
(/usr/share/texmf-dist/tex/latex/caption/subcaption.sty
(/usr/share/texmf-dist/tex/latex/caption/caption.sty
(/usr/share/texmf-dist/tex/latex/caption/caption3.sty)))
(/usr/share/texmf-dist/tex/latex/tools/indentfirst.sty)
(/usr/share/texmf-dist/tex/latex/tcolorbox/tcolorbox.sty
(/usr/share/texmf-dist/tex/latex/tools/verbatim.sty)
(/usr/share/texmf-dist/tex/latex/environ/environ.sty
(/usr/share/texmf-dist/tex/latex/trimspaces/trimspaces.sty))
(/usr/share/texmf-dist/tex/latex/tcolorbox/tcbraster.code.tex
Library (tcolorbox): 'tcbraster.code.tex' version '6.9.0'
) (/usr/share/texmf-dist/tex/latex/tcolorbox/tcbskins.code.tex
Library (tcolorbox): 'tcbskins.code.tex' version '6.9.0'
(/usr/share/texmf-dist/tex/latex/tikzfill/tikzfill.image.sty
(/usr/share/texmf-dist/tex/latex/tikzfill/tikzfill-common.sty)
(/usr/share/texmf-dist/tex/latex/tikzfill/tikzlibraryfill.image.code.tex))
(/usr/share/texmf-dist/tex/latex/tcolorbox/tcbskinsjigsaw.code.tex
Library (tcolorbox): 'tcbskinsjigsaw.code.tex' version '6.9.0'
)) (/usr/share/texmf-dist/tex/latex/tcolorbox/tcbbreakable.code.tex
Library (tcolorbox): 'tcbbreakable.code.tex' version '6.9.0'
(/usr/share/texmf-dist/tex/latex/pdfcol/pdfcol.sty))
(/usr/share/texmf-dist/tex/latex/tcolorbox/tcbhooks.code.tex
Library (tcolorbox): 'tcbhooks.code.tex' version '6.9.0'
) (/usr/share/texmf-dist/tex/latex/tcolorbox/tcbtheorems.code.tex
Library (tcolorbox): 'tcbtheorems.code.tex' version '6.9.0'
) (/usr/share/texmf-dist/tex/latex/tcolorbox/tcbfitting.code.tex
Library (tcolorbox): 'tcbfitting.code.tex' version '6.9.0'
) (/usr/share/texmf-dist/tex/latex/tcolorbox/tcblistingsutf8.code.tex
Library (tcolorbox): 'tcblistingsutf8.code.tex' version '6.9.0'
(/usr/share/texmf-dist/tex/latex/tcolorbox/tcblistings.code.tex
Library (tcolorbox): 'tcblistings.code.tex' version '6.9.0'
(/usr/share/texmf-dist/tex/latex/tcolorbox/tcblistingscore.code.tex
Library (tcolorbox): 'tcblistingscore.code.tex' version '6.9.0'
(/usr/share/texmf-dist/tex/latex/tcolorbox/tcbprocessing.code.tex
Library (tcolorbox): 'tcbprocessing.code.tex' version '6.9.0'
)))) (/usr/share/texmf-dist/tex/latex/tcolorbox/tcbexternal.code.tex
Library (tcolorbox): 'tcbexternal.code.tex' version '6.9.0'
) (/usr/share/texmf-dist/tex/latex/tcolorbox/tcbmagazine.code.tex
Library (tcolorbox): 'tcbmagazine.code.tex' version '6.9.0'
) (/usr/share/texmf-dist/tex/latex/tcolorbox/tcbvignette.code.tex
Library (tcolorbox): 'tcbvignette.code.tex' version '6.9.0'
) (/usr/share/texmf-dist/tex/latex/tcolorbox/tcbposter.code.tex
Library (tcolorbox): 'tcbposter.code.tex' version '6.9.0'
)) (/usr/share/texmf-dist/tex/latex/tools/enumerate.sty)
(/usr/share/texmf-dist/tex/latex/wasysym/wasysym.sty)
(/usr/share/texmf-dist/tex/latex/enumitem/enumitem.sty)
(/usr/share/texmf-dist/tex/latex/ragged2e/ragged2e.sty)
(/usr/share/texmf-dist/tex/latex/bclogo/bclogo.sty
(/usr/share/texmf-dist/tex/latex/mdframed/mdframed.sty
(/usr/share/texmf-dist/tex/latex/zref/zref-abspage.sty
(/usr/share/texmf-dist/tex/latex/zref/zref-base.sty
(/usr/share/texmf-dist/tex/generic/etexcmds/etexcmds.sty)
(/usr/share/texmf-dist/tex/latex/auxhook/auxhook.sty)))
(/usr/share/texmf-dist/tex/latex/needspace/needspace.sty)
(/usr/share/texmf-dist/tex/latex/mdframed/md-frame-1.mdf))
(/usr/share/texmf-dist/tex/generic/iftex/ifpdf.sty))
(/usr/share/texmf-dist/tex/latex/longfbox/longfbox.sty
(/usr/share/texmf-dist/tex/latex/options/options.sty)
(/usr/share/texmf-dist/tex/latex/longfbox/longbox.sty
(/usr/share/texmf-dist/tex/latex/mdwtools/footnote.sty))
(/usr/share/texmf-dist/tex/latex/pict2e/pict2e.sty
(/usr/share/texmf-dist/tex/latex/pict2e/pict2e.cfg)
(/usr/share/texmf-dist/tex/latex/pict2e/p2e-xetex.def))
(/usr/share/texmf-dist/tex/latex/ellipse/ellipse.sty))
(/usr/share/texmf-dist/tex/latex/pgfplots/pgfplots.sty
(/usr/share/texmf-dist/tex/generic/pgfplots/pgfplots.revision.tex)
(/usr/share/texmf-dist/tex/generic/pgfplots/pgfplots.code.tex
(/usr/share/texmf-dist/tex/generic/pgfplots/pgfplotscore.code.tex
(/usr/share/texmf-dist/tex/generic/pgfplots/sys/pgfplotssysgeneric.code.tex))
(/usr/share/texmf-dist/tex/generic/pgfplots/libs/pgfplotslibrary.code.tex)
(/usr/share/texmf-dist/tex/generic/pgfplots/oldpgfcompatib/pgfplotsoldpgfsupp_l
oader.code.tex
(/usr/share/texmf-dist/tex/generic/pgfplots/oldpgfcompatib/pgfplotsoldpgfsupp_p
gfutil-common-lists.tex))
(/usr/share/texmf-dist/tex/generic/pgfplots/util/pgfplotsutil.code.tex
(/usr/share/texmf-dist/tex/generic/pgfplots/liststructure/pgfplotsliststructure
.code.tex)
(/usr/share/texmf-dist/tex/generic/pgfplots/liststructure/pgfplotsliststructure
ext.code.tex)
(/usr/share/texmf-dist/tex/generic/pgfplots/liststructure/pgfplotsarray.code.te
x)
(/usr/share/texmf-dist/tex/generic/pgfplots/liststructure/pgfplotsmatrix.code.t
ex)
(/usr/share/texmf-dist/tex/generic/pgfplots/numtable/pgfplotstableshared.code.t
ex)
(/usr/share/texmf-dist/tex/generic/pgfplots/liststructure/pgfplotsdeque.code.te
x) (/usr/share/texmf-dist/tex/generic/pgfplots/util/pgfplotsbinary.code.tex
(/usr/share/texmf-dist/tex/generic/pgfplots/util/pgfplotsbinary.data.code.tex))
(/usr/share/texmf-dist/tex/generic/pgfplots/util/pgfplotsutil.verb.code.tex)
(/usr/share/texmf-dist/tex/generic/pgfplots/libs/pgflibrarypgfplots.surfshading
.code.tex
(/usr/share/texmf-dist/tex/generic/pgfplots/sys/pgflibrarypgfplots.surfshading.
pgfsys-xetex.def
(/usr/share/texmf-dist/tex/generic/pgfplots/sys/pgflibrarypgfplots.surfshading.
pgfsys-dvipdfmx.def))))
(/usr/share/texmf-dist/tex/generic/pgfplots/util/pgfplotscolormap.code.tex
(/usr/share/texmf-dist/tex/generic/pgfplots/util/pgfplotscolor.code.tex))
(/usr/share/texmf-dist/tex/generic/pgfplots/pgfplotsstackedplots.code.tex)
(/usr/share/texmf-dist/tex/generic/pgfplots/pgfplotsplothandlers.code.tex
(/usr/share/texmf-dist/tex/generic/pgfplots/pgfplotsmeshplothandler.code.tex
(/usr/share/texmf-dist/tex/generic/pgfplots/pgfplotsmeshplotimage.code.tex)))
(/usr/share/texmf-dist/tex/generic/pgfplots/pgfplots.scaling.code.tex)
(/usr/share/texmf-dist/tex/generic/pgfplots/pgfplotscoordprocessing.code.tex)
(/usr/share/texmf-dist/tex/generic/pgfplots/pgfplots.errorbars.code.tex)
(/usr/share/texmf-dist/tex/generic/pgfplots/pgfplots.markers.code.tex)
(/usr/share/texmf-dist/tex/generic/pgfplots/pgfplotsticks.code.tex)
(/usr/share/texmf-dist/tex/generic/pgfplots/pgfplots.paths.code.tex)
(/usr/share/texmf-dist/tex/generic/pgf/frontendlayer/tikz/libraries/tikzlibrary
decorations.pathreplacing.code.tex
(/usr/share/texmf-dist/tex/generic/pgf/libraries/decorations/pgflibrarydecorati
ons.pathreplacing.code.tex))
(/usr/share/texmf-dist/tex/generic/pgfplots/libs/tikzlibrarypgfplots.contourlua
.code.tex))
(/usr/share/texmf-dist/tex/generic/pgf/frontendlayer/tikz/libraries/tikzlibrary
plotmarks.code.tex
(/usr/share/texmf-dist/tex/generic/pgf/libraries/pgflibraryplotmarks.code.tex))
) (/usr/share/texmf-dist/tex/generic/babel/babel.sty
(/usr/share/texmf-dist/tex/generic/babel/xebabel.def)
(/usr/share/texmf-dist/tex/generic/babel/nil.ldf))
(/usr/share/texmf-dist/tex/generic/babel/locale/vi/babel-vietnamese.tex)
(/usr/share/texmf-dist/tex/latex/hyperref/hyperref.sty
(/usr/share/texmf-dist/tex/generic/pdfescape/pdfescape.sty)
(/usr/share/texmf-dist/tex/latex/hycolor/hycolor.sty)
(/usr/share/texmf-dist/tex/latex/hyperref/nameref.sty
(/usr/share/texmf-dist/tex/latex/refcount/refcount.sty)
(/usr/share/texmf-dist/tex/generic/gettitlestring/gettitlestring.sty))
(/usr/share/texmf-dist/tex/generic/stringenc/stringenc.sty)
(/usr/share/texmf-dist/tex/latex/hyperref/pd1enc.def)
(/usr/share/texmf-dist/tex/generic/intcalc/intcalc.sty)
(/usr/share/texmf-dist/tex/latex/hyperref/puenc.def)
(/usr/share/texmf-dist/tex/generic/bitset/bitset.sty
(/usr/share/texmf-dist/tex/generic/bigintcalc/bigintcalc.sty)))
(/usr/share/texmf-dist/tex/latex/hyperref/hxetex.def
(/usr/share/texmf-dist/tex/latex/rerunfilecheck/rerunfilecheck.sty
(/usr/share/texmf-dist/tex/generic/uniquecounter/uniquecounter.sty)))
(/usr/share/texmf-dist/tex/latex/setspace/setspace.sty)
(/usr/share/texmf-dist/tex/generic/pgf/frontendlayer/tikz/libraries/tikzlibrary
positioning.code.tex)
(/usr/share/texmf-dist/tex/generic/pgf/frontendlayer/tikz/libraries/graphs/tikz
librarygraphs.code.tex)
(/usr/share/texmf-dist/tex/generic/pgf/frontendlayer/tikz/libraries/tikzlibrary
shapes.code.tex
(/usr/share/texmf-dist/tex/generic/pgf/frontendlayer/tikz/libraries/tikzlibrary
shapes.geometric.code.tex
(/usr/share/texmf-dist/tex/generic/pgf/libraries/shapes/pgflibraryshapes.geomet
ric.code.tex))
(/usr/share/texmf-dist/tex/generic/pgf/frontendlayer/tikz/libraries/tikzlibrary
shapes.misc.code.tex
(/usr/share/texmf-dist/tex/generic/pgf/libraries/shapes/pgflibraryshapes.misc.c
ode.tex))
(/usr/share/texmf-dist/tex/generic/pgf/frontendlayer/tikz/libraries/tikzlibrary
shapes.symbols.code.tex
(/usr/share/texmf-dist/tex/generic/pgf/libraries/shapes/pgflibraryshapes.symbol
s.code.tex))
(/usr/share/texmf-dist/tex/generic/pgf/frontendlayer/tikz/libraries/tikzlibrary
shapes.arrows.code.tex
(/usr/share/texmf-dist/tex/generic/pgf/libraries/shapes/pgflibraryshapes.arrows
.code.tex))
(/usr/share/texmf-dist/tex/generic/pgf/frontendlayer/tikz/libraries/tikzlibrary
shapes.callouts.code.tex
(/usr/share/texmf-dist/tex/generic/pgf/libraries/shapes/pgflibraryshapes.callou
ts.code.tex))
(/usr/share/texmf-dist/tex/generic/pgf/frontendlayer/tikz/libraries/tikzlibrary
shapes.multipart.code.tex
(/usr/share/texmf-dist/tex/generic/pgf/libraries/shapes/pgflibraryshapes.multip
art.code.tex)))
(/usr/share/texmf-dist/tex/generic/pgf/libraries/pgflibraryarrows.meta.code.tex
)
(/usr/share/texmf-dist/tex/generic/pgf/frontendlayer/tikz/libraries/tikzlibrary
arrows.code.tex
(/usr/share/texmf-dist/tex/generic/pgf/libraries/pgflibraryarrows.code.tex))
(/usr/share/texmf-dist/tex/generic/pgf/frontendlayer/tikz/libraries/tikzlibrary
fit.code.tex)
(/usr/share/texmf-dist/tex/generic/pgfplots/libs/tikzlibrarypgfplots.fillbetwee
n.code.tex
(/usr/share/texmf-dist/tex/generic/pgfplots/pgfcontrib/tikzlibraryfillbetween.c
ode.tex
(/usr/share/texmf-dist/tex/generic/pgf/frontendlayer/tikz/libraries/tikzlibrary
intersections.code.tex
(/usr/share/texmf-dist/tex/generic/pgf/libraries/pgflibraryintersections.code.t
ex))
(/usr/share/texmf-dist/tex/generic/pgfplots/pgfcontrib/tikzlibrarydecorations.s
oftclip.code.tex
(/usr/share/texmf-dist/tex/generic/pgfplots/pgfcontrib/pgflibraryfillbetween.co
de.tex)))
(/usr/share/texmf-dist/tex/generic/pgfplots/libs/tikzlibrarypgfplots.decoration
s.softclip.code.tex)) (/usr/share/texmf-dist/tex/latex/titlesec/titlesec.sty)
(/usr/share/texmf-dist/tex/latex/lipsum/lipsum.sty
(/usr/share/texmf-dist/tex/latex/lipsum/lipsum.ltd.tex))
(/usr/share/texmf-dist/tex/latex/tikzpagenodes/tikzpagenodes.sty)
(/usr/share/texmf-dist/tex/latex/geometry/geometry.sty
(/usr/share/texmf-dist/tex/generic/iftex/ifvtex.sty))
(/usr/share/texmf-dist/tex/latex/tools/longtable.sty)

Package biblatex Warning: 'babel/polyglossia' detected but 'csquotes' missing.
(biblatex)                Loading 'csquotes' recommended.


LaTeX Warning: Unused global option(s):
    [14pt].

(./main.aux) (/usr/share/texmf-dist/tex/latex/pdflscape/pdflscape.sty
(/usr/share/texmf-dist/tex/latex/pdflscape/pdflscape-nometadata.sty
(/usr/share/texmf-dist/tex/latex/graphics/lscape.sty)))

Package biblatex Warning: Language 'nil' not supported.
(biblatex)                Using dummy definitions on input line 162.


Package biblatex Warning: Language 'vietnamese' not supported.
(biblatex)                Using dummy definitions on input line 162.

(./main.bbl) (/usr/share/texmf-dist/tex/latex/caption/ltcaption.sty)
Package pgfplots notification 'compat/show suggested version=true': you might b
enefit from \pgfplotsset{compat=1.18} (current compat level: 1.9).

(./main.out) (./main.out)
*geometry* driver: auto-detecting
*geometry* detected driver: xetex
[1] [2] (./main.toc (/usr/share/texmf-dist/tex/latex/wasysym/uwasy.fd) [3])
[4]
\bbl@ensure@vietnamese {Chương} 1.
(./content/gioi_thieu.tex [1])

Package fancyhdr Warning: \headheight is too small (12.0pt): 
(fancyhdr)                Make it at least 12.48187pt, for example:
(fancyhdr)                \setlength{\headheight}{12.48187pt}.
(fancyhdr)                You might also make \topmargin smaller:
(fancyhdr)                \addtolength{\topmargin}{-0.48187pt}.

[2]
\bbl@ensure@vietnamese {Chương} 2.
(./content/thu_thap_du_lieu.tex [3]

Package fancyhdr Warning: \headheight is too small (12.0pt): 
(fancyhdr)                Make it at least 12.51117pt, for example:
(fancyhdr)                \setlength{\headheight}{12.51117pt}.
(fancyhdr)                You might also make \topmargin smaller:
(fancyhdr)                \addtolength{\topmargin}{-0.51117pt}.

[4]

Package fancyhdr Warning: \headheight is too small (12.0pt): 
(fancyhdr)                Make it at least 12.51117pt, for example:
(fancyhdr)                \setlength{\headheight}{12.51117pt}.
(fancyhdr)                You might also make \topmargin smaller:
(fancyhdr)                \addtolength{\topmargin}{-0.51117pt}.

[5]

Package fancyhdr Warning: \headheight is too small (12.0pt): 
(fancyhdr)                Make it at least 12.51117pt, for example:
(fancyhdr)                \setlength{\headheight}{12.51117pt}.
(fancyhdr)                You might also make \topmargin smaller:
(fancyhdr)                \addtolength{\topmargin}{-0.51117pt}.

[6])

Package fancyhdr Warning: \headheight is too small (12.0pt): 
(fancyhdr)                Make it at least 12.51117pt, for example:
(fancyhdr)                \setlength{\headheight}{12.51117pt}.
(fancyhdr)                You might also make \topmargin smaller:
(fancyhdr)                \addtolength{\topmargin}{-0.51117pt}.

[7]
\bbl@ensure@vietnamese {Chương} 3.
(./content/eda.tex [8]
Underfull \hbox (badness 1565) in paragraph at lines 48--48
[]|\TU/TimesNewRoman(0)/b/n/11 Số giá trị bất

Package fancyhdr Warning: \headheight is too small (12.0pt): 
(fancyhdr)                Make it at least 12.48187pt, for example:
(fancyhdr)                \setlength{\headheight}{12.48187pt}.
(fancyhdr)                You might also make \topmargin smaller:
(fancyhdr)                \addtolength{\topmargin}{-0.48187pt}.

[9]

Package fancyhdr Warning: \headheight is too small (12.0pt): 
(fancyhdr)                Make it at least 12.48187pt, for example:
(fancyhdr)                \setlength{\headheight}{12.48187pt}.
(fancyhdr)                You might also make \topmargin smaller:
(fancyhdr)                \addtolength{\topmargin}{-0.48187pt}.

[10])

Package fancyhdr Warning: \headheight is too small (12.0pt): 
(fancyhdr)                Make it at least 12.48187pt, for example:
(fancyhdr)                \setlength{\headheight}{12.48187pt}.
(fancyhdr)                You might also make \topmargin smaller:
(fancyhdr)                \addtolength{\topmargin}{-0.48187pt}.

[11]
\bbl@ensure@vietnamese {Chương} 4.
(./content/mo_hinh.tex [12]

Package fancyhdr Warning: \headheight is too small (12.0pt): 
(fancyhdr)                Make it at least 12.48187pt, for example:
(fancyhdr)                \setlength{\headheight}{12.48187pt}.
(fancyhdr)                You might also make \topmargin smaller:
(fancyhdr)                \addtolength{\topmargin}{-0.48187pt}.

[13]

Package fancyhdr Warning: \headheight is too small (12.0pt): 
(fancyhdr)                Make it at least 12.48187pt, for example:
(fancyhdr)                \setlength{\headheight}{12.48187pt}.
(fancyhdr)                You might also make \topmargin smaller:
(fancyhdr)                \addtolength{\topmargin}{-0.48187pt}.

[14]
Underfull \hbox (badness 3138) in paragraph at lines 56--56
[]|\TU/TimesNewRoman(1)/m/n/11 class_weight = "balanced" \TU/TimesNewRoman(0)/m
/n/11 hoặc trọng số thủ công

Underfull \hbox (badness 10000) in paragraph at lines 56--56
[]|\TU/TimesNewRoman(0)/m/n/11 XGBoost,

Underfull \hbox (badness 10000) in paragraph at lines 90--90
[]|\TU/TimesNewRoman(1)/m/n/11 min_samples_split\TU/TimesNewRoman(0)/m/n/11 ,

Underfull \hbox (badness 10000) in paragraph at lines 90--90
[]|\TU/TimesNewRoman(0)/m/n/11 ”balanced”, ”balanced_subsample”, $[][][][][]  [
][][][]$ với $[] []

Package fancyhdr Warning: \headheight is too small (12.0pt): 
(fancyhdr)                Make it at least 12.48187pt, for example:
(fancyhdr)                \setlength{\headheight}{12.48187pt}.
(fancyhdr)                You might also make \topmargin smaller:
(fancyhdr)                \addtolength{\topmargin}{-0.48187pt}.

[15]

Package fancyhdr Warning: \headheight is too small (12.0pt): 
(fancyhdr)                Make it at least 12.48187pt, for example:
(fancyhdr)                \setlength{\headheight}{12.48187pt}.
(fancyhdr)                You might also make \topmargin smaller:
(fancyhdr)                \addtolength{\topmargin}{-0.48187pt}.

[16]
Underfull \hbox (badness 10000) in paragraph at lines 187--187
[]|\TU/TimesNewRoman(1)/m/n/11 bagging_temperature\TU/TimesNewRoman(0)/m/n/11 ,


Package fancyhdr Warning: \headheight is too small (12.0pt): 
(fancyhdr)                Make it at least 12.48187pt, for example:
(fancyhdr)                \setlength{\headheight}{12.48187pt}.
(fancyhdr)                You might also make \topmargin smaller:
(fancyhdr)                \addtolength{\topmargin}{-0.48187pt}.

[17])

Package fancyhdr Warning: \headheight is too small (12.0pt): 
(fancyhdr)                Make it at least 12.48187pt, for example:
(fancyhdr)                \setlength{\headheight}{12.48187pt}.
(fancyhdr)                You might also make \topmargin smaller:
(fancyhdr)                \addtolength{\topmargin}{-0.48187pt}.

[18]
\bbl@ensure@vietnamese {Chương} 5.
(./content/danh_gia.tex [19]

Package fancyhdr Warning: \headheight is too small (12.0pt): 
(fancyhdr)                Make it at least 12.51117pt, for example:
(fancyhdr)                \setlength{\headheight}{12.51117pt}.
(fancyhdr)                You might also make \topmargin smaller:
(fancyhdr)                \addtolength{\topmargin}{-0.51117pt}.

[20]

Package fancyhdr Warning: \headheight is too small (12.0pt): 
(fancyhdr)                Make it at least 12.51117pt, for example:
(fancyhdr)                \setlength{\headheight}{12.51117pt}.
(fancyhdr)                You might also make \topmargin smaller:
(fancyhdr)                \addtolength{\topmargin}{-0.51117pt}.

[21]

Package fancyhdr Warning: \headheight is too small (12.0pt): 
(fancyhdr)                Make it at least 12.51117pt, for example:
(fancyhdr)                \setlength{\headheight}{12.51117pt}.
(fancyhdr)                You might also make \topmargin smaller:
(fancyhdr)                \addtolength{\topmargin}{-0.51117pt}.

[22])

Package fancyhdr Warning: \headheight is too small (12.0pt): 
(fancyhdr)                Make it at least 12.51117pt, for example:
(fancyhdr)                \setlength{\headheight}{12.51117pt}.
(fancyhdr)                You might also make \topmargin smaller:
(fancyhdr)                \addtolength{\topmargin}{-0.51117pt}.

[23]
\bbl@ensure@vietnamese {Chương} 6.
(./content/ket_luan.tex) [24]

Package biblatex Warning: Bibliography string 'andothers' untranslated
(biblatex)                at entry 'bhattacharyya2011creditcard' on input line 
198.


Package biblatex Warning: Bibliography string 'in' untranslated
(biblatex)                at entry 'bhattacharyya2011creditcard' on input line 
198.


Package biblatex Warning: Using fallback definition for \mkbibdatelong.
(biblatex)                The command should be defined in the .lbx file.
(biblatex)                If you see this message, the .lbx file could not be
(biblatex)                loaded, is faulty or does not contain a definition
(biblatex)                for \mkbibdatelong.


Package biblatex Warning: Bibliography string 'pages' untranslated
(biblatex)                at entry 'bhattacharyya2011creditcard' on input line 
198.


Underfull \hbox (badness 1097) in paragraph at lines 199--199
[]\TU/TimesNewRoman(0)/m/n/10 Siddhartha Bhattacharyya []. “Data Mining for Cre
dit Card Fraud: A Comparative Study”.

Package biblatex Warning: Bibliography string 'and' untranslated
(biblatex)                at entry 'he2009imbalanced' on input line 198.


Package biblatex Warning: Bibliography string 'in' untranslated
(biblatex)                at entry 'he2009imbalanced' on input line 198.


Package biblatex Warning: Using fallback definition for \mkbibdatelong.
(biblatex)                The command should be defined in the .lbx file.
(biblatex)                If you see this message, the .lbx file could not be
(biblatex)                loaded, is faulty or does not contain a definition
(biblatex)                for \mkbibdatelong.


Package biblatex Warning: Bibliography string 'pages' untranslated
(biblatex)                at entry 'he2009imbalanced' on input line 198.


Package biblatex Warning: Bibliography string 'andothers' untranslated
(biblatex)                at entry 'dalpozzolo2015credit' on input line 198.


Package biblatex Warning: Bibliography string 'in' untranslated
(biblatex)                at entry 'dalpozzolo2015credit' on input line 198.


Package biblatex Warning: Using fallback definition for \mkbibdatelong.
(biblatex)                The command should be defined in the .lbx file.
(biblatex)                If you see this message, the .lbx file could not be
(biblatex)                loaded, is faulty or does not contain a definition
(biblatex)                for \mkbibdatelong.


Package biblatex Warning: Bibliography string 'pages' untranslated
(biblatex)                at entry 'dalpozzolo2015credit' on input line 198.


Underfull \hbox (badness 10000) in paragraph at lines 199--199
[]\TU/TimesNewRoman(0)/m/n/10 Andrea Dal Pozzolo []. “Calibrating Probability w
ith Undersampling for Unbalanced

Package biblatex Warning: Bibliography string 'and' untranslated
(biblatex)                at entry 'davis2006pr' on input line 198.


Package biblatex Warning: Bibliography string 'in' untranslated
(biblatex)                at entry 'davis2006pr' on input line 198.


Package biblatex Warning: Using fallback definition for \mkbibdatelong.
(biblatex)                The command should be defined in the .lbx file.
(biblatex)                If you see this message, the .lbx file could not be
(biblatex)                loaded, is faulty or does not contain a definition
(biblatex)                for \mkbibdatelong.


Package biblatex Warning: Bibliography string 'pages' untranslated
(biblatex)                at entry 'davis2006pr' on input line 198.


Underfull \hbox (badness 2359) in paragraph at lines 199--199
[]\TU/TimesNewRoman(0)/m/n/10 Jesse Davis [] Mark Goadrich. “The Relationship b
etween Precision-Recall and ROC Curves”.

Package biblatex Warning: Bibliography string 'in' untranslated
(biblatex)                at entry 'mckinney2010pandas' on input line 198.


Package biblatex Warning: Using fallback definition for \mkbibdatelong.
(biblatex)                The command should be defined in the .lbx file.
(biblatex)                If you see this message, the .lbx file could not be
(biblatex)                loaded, is faulty or does not contain a definition
(biblatex)                for \mkbibdatelong.


Package biblatex Warning: Bibliography string 'pages' untranslated
(biblatex)                at entry 'mckinney2010pandas' on input line 198.


Package biblatex Warning: Bibliography string 'andothers' untranslated
(biblatex)                at entry 'pedregosa2011scikit' on input line 198.


Package biblatex Warning: Bibliography string 'in' untranslated
(biblatex)                at entry 'pedregosa2011scikit' on input line 198.


Package biblatex Warning: Using fallback definition for \mkbibdatelong.
(biblatex)                The command should be defined in the .lbx file.
(biblatex)                If you see this message, the .lbx file could not be
(biblatex)                loaded, is faulty or does not contain a definition
(biblatex)                for \mkbibdatelong.


Package biblatex Warning: Bibliography string 'pages' untranslated
(biblatex)                at entry 'pedregosa2011scikit' on input line 198.


Package biblatex Warning: Bibliography string 'and' untranslated
(biblatex)                at entry 'branco2016survey' on input line 198.


Package biblatex Warning: Bibliography string 'in' untranslated
(biblatex)                at entry 'branco2016survey' on input line 198.


Package biblatex Warning: Using fallback definition for \mkbibdatelong.
(biblatex)                The command should be defined in the .lbx file.
(biblatex)                If you see this message, the .lbx file could not be
(biblatex)                loaded, is faulty or does not contain a definition
(biblatex)                for \mkbibdatelong.


Package biblatex Warning: Bibliography string 'pages' untranslated
(biblatex)                at entry 'branco2016survey' on input line 198.


Package biblatex Warning: Bibliography string 'andothers' untranslated
(biblatex)                at entry 'chawla2002smote' on input line 198.


Package biblatex Warning: Bibliography string 'in' untranslated
(biblatex)                at entry 'chawla2002smote' on input line 198.


Package biblatex Warning: Using fallback definition for \mkbibdatelong.
(biblatex)                The command should be defined in the .lbx file.
(biblatex)                If you see this message, the .lbx file could not be
(biblatex)                loaded, is faulty or does not contain a definition
(biblatex)                for \mkbibdatelong.


Package biblatex Warning: Bibliography string 'pages' untranslated
(biblatex)                at entry 'chawla2002smote' on input line 198.


Package biblatex Warning: Bibliography string 'in' untranslated
(biblatex)                at entry 'breiman2001randomforest' on input line 198.



Package biblatex Warning: Using fallback definition for \mkbibdatelong.
(biblatex)                The command should be defined in the .lbx file.
(biblatex)                If you see this message, the .lbx file could not be
(biblatex)                loaded, is faulty or does not contain a definition
(biblatex)                for \mkbibdatelong.


Package biblatex Warning: Bibliography string 'pages' untranslated
(biblatex)                at entry 'breiman2001randomforest' on input line 198.



Package biblatex Warning: Bibliography string 'and' untranslated
(biblatex)                at entry 'chen2016xgboost' on input line 198.


Package biblatex Warning: Bibliography string 'in' untranslated
(biblatex)                at entry 'chen2016xgboost' on input line 198.


Package biblatex Warning: Using fallback definition for \mkbibdatelong.
(biblatex)                The command should be defined in the .lbx file.
(biblatex)                If you see this message, the .lbx file could not be
(biblatex)                loaded, is faulty or does not contain a definition
(biblatex)                for \mkbibdatelong.


Package biblatex Warning: Bibliography string 'pages' untranslated
(biblatex)                at entry 'chen2016xgboost' on input line 198.


Package biblatex Warning: Bibliography string 'andothers' untranslated
(biblatex)                at entry 'ke2017lightgbm' on input line 198.


Package biblatex Warning: Bibliography string 'in' untranslated
(biblatex)                at entry 'ke2017lightgbm' on input line 198.


Package biblatex Warning: Bibliography string 'volume' untranslated
(biblatex)                at entry 'ke2017lightgbm' on input line 198.


Package biblatex Warning: Using fallback definition for \mkbibdatelong.
(biblatex)                The command should be defined in the .lbx file.
(biblatex)                If you see this message, the .lbx file could not be
(biblatex)                loaded, is faulty or does not contain a definition
(biblatex)                for \mkbibdatelong.


Package biblatex Warning: Bibliography string 'pages' untranslated
(biblatex)                at entry 'ke2017lightgbm' on input line 198.


Package biblatex Warning: Bibliography string 'urlseen' untranslated
(biblatex)                at entry 'lightgbmparameters' on input line 198.


Package biblatex Warning: Using fallback definition for \mkbibdateshort.
(biblatex)                The command should be defined in the .lbx file.
(biblatex)                If you see this message, the .lbx file could not be
(biblatex)                loaded, is faulty or does not contain a definition
(biblatex)                for \mkbibdateshort.


Package biblatex Warning: Bibliography string 'andothers' untranslated
(biblatex)                at entry 'prokhorenkova2018catboost' on input line 19
8.


Package biblatex Warning: Bibliography string 'in' untranslated
(biblatex)                at entry 'prokhorenkova2018catboost' on input line 19
8.


Package biblatex Warning: Bibliography string 'volume' untranslated
(biblatex)                at entry 'prokhorenkova2018catboost' on input line 19
8.


Package biblatex Warning: Using fallback definition for \mkbibdatelong.
(biblatex)                The command should be defined in the .lbx file.
(biblatex)                If you see this message, the .lbx file could not be
(biblatex)                loaded, is faulty or does not contain a definition
(biblatex)                for \mkbibdatelong.


Package biblatex Warning: Bibliography string 'pages' untranslated
(biblatex)                at entry 'prokhorenkova2018catboost' on input line 19
8.


Package biblatex Warning: Bibliography string 'in' untranslated
(biblatex)                at entry 'wolpert1992stacked' on input line 198.


Package biblatex Warning: Using fallback definition for \mkbibdatelong.
(biblatex)                The command should be defined in the .lbx file.
(biblatex)                If you see this message, the .lbx file could not be
(biblatex)                loaded, is faulty or does not contain a definition
(biblatex)                for \mkbibdatelong.


Package biblatex Warning: Bibliography string 'pages' untranslated
(biblatex)                at entry 'wolpert1992stacked' on input line 198.


Package biblatex Warning: Bibliography string 'urlseen' untranslated
(biblatex)                at entry 'sklearnrandomizedsearch' on input line 198.



Package biblatex Warning: Using fallback definition for \mkbibdateshort.
(biblatex)                The command should be defined in the .lbx file.
(biblatex)                If you see this message, the .lbx file could not be
(biblatex)                loaded, is faulty or does not contain a definition
(biblatex)                for \mkbibdateshort.


Package biblatex Warning: Bibliography string 'urlseen' untranslated
(biblatex)                at entry 'sklearnaverageprecision' on input line 198.



Package biblatex Warning: Using fallback definition for \mkbibdateshort.
(biblatex)                The command should be defined in the .lbx file.
(biblatex)                If you see this message, the .lbx file could not be
(biblatex)                loaded, is faulty or does not contain a definition
(biblatex)                for \mkbibdateshort.

[25] (./main.aux)

LaTeX Font Warning: Size substitutions with differences
(Font)              up to 0.5pt have occurred.


LaTeX Warning: Label(s) may have changed. Rerun to get cross-references right.

 )
(see the transcript file for additional information)
Output written on main.pdf (29 pages).
Transcript written on main.log.
