\BOOKMARK [0][-]{chapter.1}{\376\377\000G\000I\036\332\000I\000\040\000T\000H\000I\036\306\000U}{}% 1
\BOOKMARK [1][-]{section.1.1}{\376\377\001\020\036\267\000t\000\040\000v\036\245\000n\000\040\001\021\036\301}{chapter.1}% 2
\BOOKMARK [1][-]{section.1.2}{\376\377\000M\036\345\000c\000\040\000t\000i\000\352\000u\000\040\000c\036\347\000a\000\040\001\021\036\301\000\040\000t\000\340\000i}{chapter.1}% 3
\BOOKMARK [1][-]{section.1.3}{\376\377\000P\000h\036\241\000m\000\040\000v\000i\000\040\000p\000h\000\342\000n\000\040\000t\000\355\000c\000h}{chapter.1}% 4
\BOOKMARK [0][-]{chapter.2}{\376\377\000P\000H\001\257\001\240\000N\000G\000\040\000P\000H\000\301\000P\000\040\000T\000H\000U\000\040\000T\000H\036\254\000P\000\040\000V\000\300\000\040\000T\000I\036\300\000N\000\040\000X\036\354\000\040\000L\000\335\000\040\000D\036\356\000\040\000L\000I\036\306\000U}{}% 5
\BOOKMARK [1][-]{section.2.1}{\376\377\000T\000h\000u\000\040\000t\000h\036\255\000p\000\040\000d\036\357\000\040\000l\000i\036\307\000u\000\040\000g\000i\000a\000o\000\040\000d\036\313\000c\000h}{chapter.2}% 6
\BOOKMARK [1][-]{section.2.2}{\376\377\000M\000\364\000\040\000t\036\243\000\040\000b\036\331\000\040\000d\036\357\000\040\000l\000i\036\307\000u}{chapter.2}% 7
\BOOKMARK [1][-]{section.2.3}{\376\377\000T\000i\036\301\000n\000\040\000x\036\355\000\040\000l\000\375\000\040\000d\036\357\000\040\000l\000i\036\307\000u}{chapter.2}% 8
\BOOKMARK [0][-]{chapter.3}{\376\377\000P\000H\000\302\000N\000\040\000T\000\315\000C\000H\000\040\000K\000H\000\301\000M\000\040\000P\000H\000\301\000\040\000D\036\356\000\040\000L\000I\036\306\000U}{}% 9
\BOOKMARK [1][-]{section.3.1}{\376\377\000P\000h\000\342\000n\000\040\000b\036\321\000\040\000d\036\357\000\040\000l\000i\036\307\000u}{chapter.3}% 10
\BOOKMARK [1][-]{section.3.2}{\376\377\000G\000i\000a\000n\000\040\000l\036\255\000n\000\040\000t\000h\000e\000o\000\040\000l\000o\036\241\000i\000\040\000h\000\354\000n\000h\000\040\000d\036\313\000c\000h\000\040\000v\036\345}{chapter.3}% 11
\BOOKMARK [1][-]{section.3.3}{\376\377\000G\000i\000\341\000\040\000t\000r\036\313\000\040\000b\036\245\000t\000\040\000t\000h\001\260\036\335\000n\000g}{chapter.3}% 12
\BOOKMARK [1][-]{section.3.4}{\376\377\000Q\000u\000a\000n\000\040\000h\036\307\000\040\000g\000i\036\357\000a\000\040\000c\000\341\000c\000\040\001\021\036\267\000c\000\040\000t\000r\001\260\000n\000g}{chapter.3}% 13
\BOOKMARK [0][-]{chapter.4}{\376\377\000X\000\302\000Y\000\040\000D\036\360\000N\000G\000\040\000C\000\301\000C\000\040\000M\000\324\000\040\000H\000\314\000N\000H\000\040\000H\036\314\000C\000\040\000M\000\301\000Y}{}% 14
\BOOKMARK [1][-]{section.4.1}{\376\377\000C\000h\000u\036\251\000n\000\040\000b\036\313\000\040\000d\036\357\000\040\000l\000i\036\307\000u\000\040\000c\000h\000o\000\040\000m\000\364\000\040\000h\000\354\000n\000h}{chapter.4}% 15
\BOOKMARK [1][-]{section.4.2}{\376\377\000C\000\341\000c\000\040\000c\000h\036\311\000\040\000s\036\321\000\040\001\021\000\341\000n\000h\000\040\000g\000i\000\341\000\040\000m\000\364\000\040\000h\000\354\000n\000h}{chapter.4}% 16
\BOOKMARK [1][-]{section.4.3}{\376\377\000X\036\355\000\040\000l\000\375\000\040\000d\036\357\000\040\000l\000i\036\307\000u\000\040\000m\036\245\000t\000\040\000c\000\342\000n\000\040\000b\036\261\000n\000g}{chapter.4}% 17
\BOOKMARK [1][-]{section.4.4}{\376\377\000L\036\361\000a\000\040\000c\000h\036\315\000n\000\040\000n\000g\001\260\036\341\000n\000g\000\040\000q\000u\000y\036\277\000t\000\040\001\021\036\313\000n\000h}{chapter.4}% 18
\BOOKMARK [1][-]{section.4.5}{\376\377\000M\000\364\000\040\000h\000\354\000n\000h\000\040\000R\000a\000n\000d\000o\000m\000\040\000F\000o\000r\000e\000s\000t}{chapter.4}% 19
\BOOKMARK [1][-]{section.4.6}{\376\377\000M\000\364\000\040\000h\000\354\000n\000h\000\040\000X\000G\000B\000o\000o\000s\000t}{chapter.4}% 20
\BOOKMARK [1][-]{section.4.7}{\376\377\000M\000\364\000\040\000h\000\354\000n\000h\000\040\000L\000i\000g\000h\000t\000G\000B\000M}{chapter.4}% 21
\BOOKMARK [1][-]{section.4.8}{\376\377\000M\000\364\000\040\000h\000\354\000n\000h\000\040\000C\000a\000t\000B\000o\000o\000s\000t}{chapter.4}% 22
\BOOKMARK [1][-]{section.4.9}{\376\377\000K\036\277\000t\000\040\000h\036\343\000p\000\040\000m\000\364\000\040\000h\000\354\000n\000h\000\040\000b\036\261\000n\000g\000\040\000S\000t\000a\000c\000k\000i\000n\000g}{chapter.4}% 23
\BOOKMARK [1][-]{section.4.10}{\376\377\000Q\000u\000\341\000\040\000t\000r\000\354\000n\000h\000\040\000t\000i\000n\000h\000\040\000c\000h\036\311\000n\000h\000\040\000s\000i\000\352\000u\000\040\000t\000h\000a\000m\000\040\000s\036\321}{chapter.4}% 24
\BOOKMARK [0][-]{chapter.5}{\376\377\001\020\000\301\000N\000H\000\040\000G\000I\000\301\000\040\000V\000\300\000\040\000T\000H\036\242\000O\000\040\000L\000U\036\254\000N\000\040\000K\036\276\000T\000\040\000Q\000U\036\242}{}% 25
\BOOKMARK [1][-]{section.5.1}{\376\377\000P\000h\036\241\000m\000\040\000v\000i\000\040\000s\000\341\000u\000\040\000t\000h\036\355\000\040\000n\000g\000h\000i\036\307\000m}{chapter.5}% 26
\BOOKMARK [1][-]{section.5.2}{\376\377\000K\036\277\000t\000\040\000q\000u\036\243\000\040\000t\036\353\000n\000g\000\040\000t\000h\036\355\000\040\000n\000g\000h\000i\036\307\000m}{chapter.5}% 27
\BOOKMARK [1][-]{section.5.3}{\376\377\000G\000i\036\243\000i\000\040\000t\000h\000\355\000c\000h\000\040\036\243\000n\000h\000\040\000h\001\260\036\337\000n\000g\000\040\000c\036\347\000a\000\040\000c\000\341\000c\000\040\001\021\036\267\000c\000\040\000t\000r\001\260\000n\000g}{chapter.5}% 28
\BOOKMARK [1][-]{section.5.4}{\376\377\000T\036\325\000n\000g\000\040\000h\036\343\000p\000\040\000v\000\340\000\040\000s\000o\000\040\000s\000\341\000n\000h\000\040\000s\000\341\000u\000\040\000t\000h\036\355\000\040\000n\000g\000h\000i\036\307\000m}{chapter.5}% 29
\BOOKMARK [1][-]{section.5.5}{\376\377\000M\000a\000\040\000t\000r\036\255\000n\000\040\000n\000h\036\247\000m\000\040\000l\036\253\000n\000\040\000v\000\340\000\040\001\021\001\260\036\335\000n\000g\000\040\000P\000r\000e\000c\000i\000s\000i\000o\000n\040\023\000R\000e\000c\000a\000l\000l}{chapter.5}% 30
\BOOKMARK [1][-]{section.5.6}{\376\377\000L\036\361\000a\000\040\000c\000h\036\315\000n\000\040\000m\000\364\000\040\000h\000\354\000n\000h\000\040\000p\000h\000\371\000\040\000h\036\343\000p\000\040\000v\036\333\000i\000\040\000b\036\331\000\040\000d\036\357\000\040\000l\000i\036\307\000u}{chapter.5}% 31
\BOOKMARK [1][-]{section.5.7}{\376\377\001\020\000\341\000n\000h\000\040\000g\000i\000\341\000\040\000t\000\355\000n\000h\000\040\000k\000h\036\243\000\040\000t\000h\000i\000\040\000v\000\340\000\040\000h\036\241\000n\000\040\000c\000h\036\277}{chapter.5}% 32
\BOOKMARK [1][-]{section.5.8}{\376\377\000H\001\260\036\333\000n\000g\000\040\000p\000h\000\341\000t\000\040\000t\000r\000i\036\303\000n\000\040\000t\000r\000o\000n\000g\000\040\000t\001\260\001\241\000n\000g\000\040\000l\000a\000i}{chapter.5}% 33
\BOOKMARK [0][-]{chapter.6}{\376\377\000K\036\276\000T\000\040\000L\000U\036\254\000N}{}% 34
